Archive member included to satisfy reference by file (symbol)

D:/STM32CubeIDE_1.13.2/STM32CubeIDE/plugins/com.st.stm32cube.ide.mcu.externaltools.gnu-tools-for-stm32.11.3.rel1.win32_1.1.1.202309131626/tools/bin/../lib/gcc/arm-none-eabi/11.3.1/../../../../arm-none-eabi/lib/thumb/v7e-m+fp/hard\libc_nano.a(libc_a-exit.o)
                              D:/STM32CubeIDE_1.13.2/STM32CubeIDE/plugins/com.st.stm32cube.ide.mcu.externaltools.gnu-tools-for-stm32.11.3.rel1.win32_1.1.1.202309131626/tools/bin/../lib/gcc/arm-none-eabi/11.3.1/../../../../arm-none-eabi/lib/thumb/v7e-m+fp/hard/crt0.o (exit)
D:/STM32CubeIDE_1.13.2/STM32CubeIDE/plugins/com.st.stm32cube.ide.mcu.externaltools.gnu-tools-for-stm32.11.3.rel1.win32_1.1.1.202309131626/tools/bin/../lib/gcc/arm-none-eabi/11.3.1/../../../../arm-none-eabi/lib/thumb/v7e-m+fp/hard\libc_nano.a(libc_a-findfp.o)
                              D:/STM32CubeIDE_1.13.2/STM32CubeIDE/plugins/com.st.stm32cube.ide.mcu.externaltools.gnu-tools-for-stm32.11.3.rel1.win32_1.1.1.202309131626/tools/bin/../lib/gcc/arm-none-eabi/11.3.1/../../../../arm-none-eabi/lib/thumb/v7e-m+fp/hard\libc_nano.a(libc_a-exit.o) (__stdio_exit_handler)
D:/STM32CubeIDE_1.13.2/STM32CubeIDE/plugins/com.st.stm32cube.ide.mcu.externaltools.gnu-tools-for-stm32.11.3.rel1.win32_1.1.1.202309131626/tools/bin/../lib/gcc/arm-none-eabi/11.3.1/../../../../arm-none-eabi/lib/thumb/v7e-m+fp/hard\libc_nano.a(libc_a-fwalk.o)
                              D:/STM32CubeIDE_1.13.2/STM32CubeIDE/plugins/com.st.stm32cube.ide.mcu.externaltools.gnu-tools-for-stm32.11.3.rel1.win32_1.1.1.202309131626/tools/bin/../lib/gcc/arm-none-eabi/11.3.1/../../../../arm-none-eabi/lib/thumb/v7e-m+fp/hard\libc_nano.a(libc_a-findfp.o) (_fwalk_sglue)
D:/STM32CubeIDE_1.13.2/STM32CubeIDE/plugins/com.st.stm32cube.ide.mcu.externaltools.gnu-tools-for-stm32.11.3.rel1.win32_1.1.1.202309131626/tools/bin/../lib/gcc/arm-none-eabi/11.3.1/../../../../arm-none-eabi/lib/thumb/v7e-m+fp/hard\libc_nano.a(libc_a-sprintf.o)
                              ./Src/013_hts221_usart.o (sprintf)
D:/STM32CubeIDE_1.13.2/STM32CubeIDE/plugins/com.st.stm32cube.ide.mcu.externaltools.gnu-tools-for-stm32.11.3.rel1.win32_1.1.1.202309131626/tools/bin/../lib/gcc/arm-none-eabi/11.3.1/../../../../arm-none-eabi/lib/thumb/v7e-m+fp/hard\libc_nano.a(libc_a-stdio.o)
                              D:/STM32CubeIDE_1.13.2/STM32CubeIDE/plugins/com.st.stm32cube.ide.mcu.externaltools.gnu-tools-for-stm32.11.3.rel1.win32_1.1.1.202309131626/tools/bin/../lib/gcc/arm-none-eabi/11.3.1/../../../../arm-none-eabi/lib/thumb/v7e-m+fp/hard\libc_nano.a(libc_a-findfp.o) (__sread)
D:/STM32CubeIDE_1.13.2/STM32CubeIDE/plugins/com.st.stm32cube.ide.mcu.externaltools.gnu-tools-for-stm32.11.3.rel1.win32_1.1.1.202309131626/tools/bin/../lib/gcc/arm-none-eabi/11.3.1/../../../../arm-none-eabi/lib/thumb/v7e-m+fp/hard\libc_nano.a(libc_a-memset.o)
                              D:/STM32CubeIDE_1.13.2/STM32CubeIDE/plugins/com.st.stm32cube.ide.mcu.externaltools.gnu-tools-for-stm32.11.3.rel1.win32_1.1.1.202309131626/tools/bin/../lib/gcc/arm-none-eabi/11.3.1/../../../../arm-none-eabi/lib/thumb/v7e-m+fp/hard/crt0.o (memset)
D:/STM32CubeIDE_1.13.2/STM32CubeIDE/plugins/com.st.stm32cube.ide.mcu.externaltools.gnu-tools-for-stm32.11.3.rel1.win32_1.1.1.202309131626/tools/bin/../lib/gcc/arm-none-eabi/11.3.1/../../../../arm-none-eabi/lib/thumb/v7e-m+fp/hard\libc_nano.a(libc_a-closer.o)
                              D:/STM32CubeIDE_1.13.2/STM32CubeIDE/plugins/com.st.stm32cube.ide.mcu.externaltools.gnu-tools-for-stm32.11.3.rel1.win32_1.1.1.202309131626/tools/bin/../lib/gcc/arm-none-eabi/11.3.1/../../../../arm-none-eabi/lib/thumb/v7e-m+fp/hard\libc_nano.a(libc_a-stdio.o) (_close_r)
D:/STM32CubeIDE_1.13.2/STM32CubeIDE/plugins/com.st.stm32cube.ide.mcu.externaltools.gnu-tools-for-stm32.11.3.rel1.win32_1.1.1.202309131626/tools/bin/../lib/gcc/arm-none-eabi/11.3.1/../../../../arm-none-eabi/lib/thumb/v7e-m+fp/hard\libc_nano.a(libc_a-reent.o)
                              D:/STM32CubeIDE_1.13.2/STM32CubeIDE/plugins/com.st.stm32cube.ide.mcu.externaltools.gnu-tools-for-stm32.11.3.rel1.win32_1.1.1.202309131626/tools/bin/../lib/gcc/arm-none-eabi/11.3.1/../../../../arm-none-eabi/lib/thumb/v7e-m+fp/hard\libc_nano.a(libc_a-closer.o) (errno)
D:/STM32CubeIDE_1.13.2/STM32CubeIDE/plugins/com.st.stm32cube.ide.mcu.externaltools.gnu-tools-for-stm32.11.3.rel1.win32_1.1.1.202309131626/tools/bin/../lib/gcc/arm-none-eabi/11.3.1/../../../../arm-none-eabi/lib/thumb/v7e-m+fp/hard\libc_nano.a(libc_a-impure.o)
                              D:/STM32CubeIDE_1.13.2/STM32CubeIDE/plugins/com.st.stm32cube.ide.mcu.externaltools.gnu-tools-for-stm32.11.3.rel1.win32_1.1.1.202309131626/tools/bin/../lib/gcc/arm-none-eabi/11.3.1/../../../../arm-none-eabi/lib/thumb/v7e-m+fp/hard\libc_nano.a(libc_a-sprintf.o) (_impure_ptr)
[...]
Memory Configuration

Name             Origin             Length             Attributes
RAM              0x0000000020000000 0x0000000000018000 xrw
SRAM2            0x0000000010000000 0x0000000000008000 xrw
FLASH            0x0000000008000000 0x0000000000100000 xr
*default*        0x0000000000000000 0xffffffffffffffff

Linker script and memory map

LOAD D:/STM32CubeIDE_1.13.2/STM32CubeIDE/plugins/com.st.stm32cube.ide.mcu.externaltools.gnu-tools-for-stm32.11.3.rel1.win32_1.1.1.202309131626/tools/bin/../lib/gcc/arm-none-eabi/11.3.1/thumb/v7e-m+fp/hard/crti.o
LOAD D:/STM32CubeIDE_1.13.2/STM32CubeIDE/plugins/com.st.stm32cube.ide.mcu.externaltools.gnu-tools-for-stm32.11.3.rel1.win32_1.1.1.202309131626/tools/bin/../lib/gcc/arm-none-eabi/11.3.1/thumb/v7e-m+fp/hard/crtbegin.o
LOAD D:/STM32CubeIDE_1.13.2/STM32CubeIDE/plugins/com.st.stm32cube.ide.mcu.externaltools.gnu-tools-for-stm32.11.3.rel1.win32_1.1.1.202309131626/tools/bin/../lib/gcc/arm-none-eabi/11.3.1/../../../../arm-none-eabi/lib/thumb/v7e-m+fp/hard/crt0.o
LOAD ./Src/013_hts221_usart.o
LOAD ./Src/syscalls.o
LOAD ./Src/sysmem.o
LOAD ./Startup/startup_stm32l475vgtx.o
LOAD ./drivers/Src/led.o
LOAD ./drivers/Src/stm32l475xx_gpio_driver.o
LOAD ./drivers/Src/stm32l475xx_spi_driver.o
LOAD ./drivers/Src/stm32l47xx_adc_driver.o
LOAD ./drivers/Src/stm32l47xx_hts221.o
LOAD ./drivers/Src/stm32l47xx_i2c_driver.o
LOAD ./drivers/Src/stm32l47xx_systick.o
LOAD ./drivers/Src/stm32l47xx_usart_driver.o
START GROUP
LOAD D:/STM32CubeIDE_1.13.2/STM32CubeIDE/plugins/com.st.stm32cube.ide.mcu.externaltools.gnu-tools-for-stm32.11.3.rel1.win32_1.1.1.202309131626/tools/bin/../lib/gcc/arm-none-eabi/11.3.1/../../../../arm-none-eabi/lib/thumb/v7e-m+fp/hard\libc_nano.a
LOAD D:/STM32CubeIDE_1.13.2/STM32CubeIDE/plugins/com.st.stm32cube.ide.mcu.externaltools.gnu-tools-for-stm32.11.3.rel1.win32_1.1.1.202309131626/tools/bin/../lib/gcc/arm-none-eabi/11.3.1/../../../../arm-none-eabi/lib/thumb/v7e-m+fp/hard\libm.a
END GROUP
START GROUP
LOAD D:/STM32CubeIDE_1.13.2/STM32CubeIDE/plugins/com.st.stm32cube.ide.mcu.externaltools.gnu-tools-for-stm32.11.3.rel1.win32_1.1.1.202309131626/tools/bin/../lib/gcc/arm-none-eabi/11.3.1/thumb/v7e-m+fp/hard\libgcc.a
LOAD D:/STM32CubeIDE_1.13.2/STM32CubeIDE/plugins/com.st.stm32cube.ide.mcu.externaltools.gnu-tools-for-stm32.11.3.rel1.win32_1.1.1.202309131626/tools/bin/../lib/gcc/arm-none-eabi/11.3.1/../../../../arm-none-eabi/lib/thumb/v7e-m+fp/hard\libc_nano.a
END GROUP
START GROUP
LOAD D:/STM32CubeIDE_1.13.2/STM32CubeIDE/plugins/com.st.stm32cube.ide.mcu.externaltools.gnu-tools-for-stm32.11.3.rel1.win32_1.1.1.202309131626/tools/bin/../lib/gcc/arm-none-eabi/11.3.1/thumb/v7e-m+fp/hard\libgcc.a
LOAD D:/STM32CubeIDE_1.13.2/STM32CubeIDE/plugins/com.st.stm32cube.ide.mcu.externaltools.gnu-tools-for-stm32.11.3.rel1.win32_1.1.1.202309131626/tools/bin/../lib/gcc/arm-none-eabi/11.3.1/../../../../arm-none-eabi/lib/thumb/v7e-m+fp/hard\libc_nano.a
LOAD D:/STM32CubeIDE_1.13.2/STM32CubeIDE/plugins/com.st.stm32cube.ide.mcu.externaltools.gnu-tools-for-stm32.11.3.rel1.win32_1.1.1.202309131626/tools/bin/../lib/gcc/arm-none-eabi/11.3.1/../../../../arm-none-eabi/lib/thumb/v7e-m+fp/hard\libnosys.a
END GROUP
START GROUP
LOAD D:/STM32CubeIDE_1.13.2/STM32CubeIDE/plugins/com.st.stm32cube.ide.mcu.externaltools.gnu-tools-for-stm32.11.3.rel1.win32_1.1.1.202309131626/tools/bin/../lib/gcc/arm-none-eabi/11.3.1/thumb/v7e-m+fp/hard\libgcc.a
LOAD D:/STM32CubeIDE_1.13.2/STM32CubeIDE/plugins/com.st.stm32cube.ide.mcu.externaltools.gnu-tools-for-stm32.11.3.rel1.win32_1.1.1.202309131626/tools/bin/../lib/gcc/arm-none-eabi/11.3.1/../../../../arm-none-eabi/lib/thumb/v7e-m+fp/hard\libc_nano.a
LOAD D:/STM32CubeIDE_1.13.2/STM32CubeIDE/plugins/com.st.stm32cube.ide.mcu.externaltools.gnu-tools-for-stm32.11.3.rel1.win32_1.1.1.202309131626/tools/bin/../lib/gcc/arm-none-eabi/11.3.1/../../../../arm-none-eabi/lib/thumb/v7e-m+fp/hard\libnosys.a
END GROUP
LOAD D:/STM32CubeIDE_1.13.2/STM32CubeIDE/plugins/com.st.stm32cube.ide.mcu.externaltools.gnu-tools-for-stm32.11.3.rel1.win32_1.1.1.202309131626/tools/bin/../lib/gcc/arm-none-eabi/11.3.1/thumb/v7e-m+fp/hard/crtend.o
LOAD D:/STM32CubeIDE_1.13.2/STM32CubeIDE/plugins/com.st.stm32cube.ide.mcu.externaltools.gnu-tools-for-stm32.11.3.rel1.win32_1.1.1.202309131626/tools/bin/../lib/gcc/arm-none-eabi/11.3.1/thumb/v7e-m+fp/hard/crtn.o
                0x0000000020018000                _estack = (ORIGIN (RAM) + LENGTH (RAM))
                0x0000000000000200                _Min_Heap_Size = 0x200
                0x0000000000000400                _Min_Stack_Size = 0x400

.isr_vector     0x0000000008000000      0x194
                0x0000000008000000                . = ALIGN (0x4)
 *(.isr_vector)
 .isr_vector    0x0000000008000000      0x194 ./Startup/startup_stm32l475vgtx.o
                0x0000000008000000                g_pfnVectors
                0x0000000008000194                . = ALIGN (0x4)

.text           0x00000000080001a0     0x1920
                0x00000000080001a0                . = ALIGN (0x4)
 *(.text)
 .text          0x00000000080001a0       0x40 D:/STM32CubeIDE_1.13.2/STM32CubeIDE/plugins/com.st.stm32cube.ide.mcu.externaltools.gnu-tools-for-stm32.11.3.rel1.win32_1.1.1.202309131626/tools/bin/../lib/gcc/arm-none-eabi/11.3.1/thumb/v7e-m+fp/hard/crtbegin.o
 .text          0x00000000080001e0       0x10 D:/STM32CubeIDE_1.13.2/STM32CubeIDE/plugins/com.st.stm32cube.ide.mcu.externaltools.gnu-tools-for-stm32.11.3.rel1.win32_1.1.1.202309131626/tools/bin/../lib/gcc/arm-none-eabi/11.3.1/../../../../arm-none-eabi/lib/thumb/v7e-m+fp/hard\libc_nano.a(libc_a-strlen.o)
                0x00000000080001e0                strlen
 .text          0x00000000080001f0       0xa0 D:/STM32CubeIDE_1.13.2/STM32CubeIDE/plugins/com.st.stm32cube.ide.mcu.externaltools.gnu-tools-for-stm32.11.3.rel1.win32_1.1.1.202309131626/tools/bin/../lib/gcc/arm-none-eabi/11.3.1/../../../../arm-none-eabi/lib/thumb/v7e-m+fp/hard\libc_nano.a(libc_a-memchr.o)
                0x00000000080001f0                memchr
 *(.text*)
 .text.delay    0x0000000008000290       0x2c ./Src/013_hts221_usart.o
                0x0000000008000290                delay
 .text.I2C2_GPIOInits
                0x00000000080002bc       0x44 ./Src/013_hts221_usart.o
                0x00000000080002bc                I2C2_GPIOInits
 .text.I2C2_Inits
                0x0000000008000300       0x2c ./Src/013_hts221_usart.o
                0x0000000008000300                I2C2_Inits
 .text.USART2_GPIOInits
                0x000000000800032c       0x40 ./Src/013_hts221_usart.o
                0x000000000800032c                USART2_GPIOInits
 .text.USART2_Inits
                0x000000000800036c       0x44 ./Src/013_hts221_usart.o
                0x000000000800036c                USART2_Inits
 .text.uart_print
                0x00000000080003b0       0x28 ./Src/013_hts221_usart.o
                0x00000000080003b0                uart_print
 .text.main     0x00000000080003d8       0x78 ./Src/013_hts221_usart.o
                0x00000000080003d8                main
 .text._sbrk    0x0000000008000450       0x6c ./Src/sysmem.o
                0x0000000008000450                _sbrk
 .text.Reset_Handler
                0x00000000080004bc       0x50 ./Startup/startup_stm32l475vgtx.o
                0x00000000080004bc                Reset_Handler
 .text.Default_Handler
                0x000000000800050c        0x2 ./Startup/startup_stm32l475vgtx.o
                0x000000000800050c                EXTI2_IRQHandler
                0x000000000800050c                TIM8_TRG_COM_IRQHandler
                0x000000000800050c                TIM8_CC_IRQHandler
                0x000000000800050c                DebugMon_Handler
                0x000000000800050c                TIM1_CC_IRQHandler
                0x000000000800050c                TSC_IRQHandler
                0x000000000800050c                HardFault_Handler
                0x000000000800050c                SysTick_Handler
                0x000000000800050c                PVD_IRQHandler
                0x000000000800050c                TAMP_STAMP_IRQHandler
                0x000000000800050c                PendSV_Handler
                0x000000000800050c                NMI_Handler
                0x000000000800050c                EXTI3_IRQHandler
                0x000000000800050c                LPTIM2_IRQHandler
                0x000000000800050c                DFSDM1_FLT1_IRQHandler
                0x000000000800050c                I2C3_ER_IRQHandler
                0x000000000800050c                DFSDM1_FLT2_IRQHandler
                0x000000000800050c                EXTI0_IRQHandler
                0x000000000800050c                I2C2_EV_IRQHandler
                0x000000000800050c                TIM8_IRQHandler
                0x000000000800050c                UsageFault_Handler
                0x000000000800050c                ADC1_2_IRQHandler
                0x000000000800050c                SPI1_IRQHandler
                0x000000000800050c                TIM6_DAC_IRQHandler
                0x000000000800050c                SDMMC_IRQHandler
                0x000000000800050c                RTC_ALARM_IRQHandler
                0x000000000800050c                DMA2_Channel2_IRQHandler
                0x000000000800050c                DMA1_Channel4_IRQHandler
                0x000000000800050c                SAI2_IRQHandler
                0x000000000800050c                DFSDM1_FLT3_IRQHandler
                0x000000000800050c                USART3_IRQHandler
                0x000000000800050c                DMA1_Channel7_IRQHandler
                0x000000000800050c                LCD_IRQHandler
                0x000000000800050c                UART5_IRQHandler
                0x000000000800050c                ADC3_IRQHandler
                0x000000000800050c                TIM4_IRQHandler
                0x000000000800050c                DMA2_Channel1_IRQHandler
                0x000000000800050c                QUADSPI_IRQHandler
                0x000000000800050c                I2C1_EV_IRQHandler
                0x000000000800050c                DMA1_Channel6_IRQHandler
                0x000000000800050c                TIM16_IRQHandler
                0x000000000800050c                UART4_IRQHandler
                0x000000000800050c                DMA2_Channel4_IRQHandler
                0x000000000800050c                TIM3_IRQHandler
                0x000000000800050c                RCC_IRQHandler
                0x000000000800050c                DMA1_Channel1_IRQHandler
                0x000000000800050c                Default_Handler
                0x000000000800050c                DMA2_Channel7_IRQHandler
                0x000000000800050c                EXTI15_10_IRQHandler
                0x000000000800050c                TIM7_IRQHandler
                0x000000000800050c                TIM5_IRQHandler
                0x000000000800050c                TIM15_IRQHandler
                0x000000000800050c                I2C3_EV_IRQHandler
                0x000000000800050c                EXTI9_5_IRQHandler
                0x000000000800050c                RTC_WKUP_IRQHandler
                0x000000000800050c                SPI2_IRQHandler
                0x000000000800050c                MemManage_Handler
                0x000000000800050c                SVC_Handler
                0x000000000800050c                DMA2_Channel5_IRQHandler
                0x000000000800050c                DMA1_Channel5_IRQHandler
                0x000000000800050c                EXTI4_IRQHandler
                0x000000000800050c                RNG_IRQHandler
                0x000000000800050c                TIM1_TRG_COM_TIM17_IRQHandler
                0x000000000800050c                DMA1_Channel3_IRQHandler
                0x000000000800050c                COMP_IRQHandler
                0x000000000800050c                WWDG_IRQHandler
                0x000000000800050c                DMA2_Channel6_IRQHandler
                0x000000000800050c                TIM2_IRQHandler
                0x000000000800050c                EXTI1_IRQHandler
                0x000000000800050c                USART2_IRQHandler
                0x000000000800050c                DFSDM1_FLT0_IRQHandler
                0x000000000800050c                I2C2_ER_IRQHandler
                0x000000000800050c                DMA1_Channel2_IRQHandler
                0x000000000800050c                TIM8_BRK_IRQHandler
                0x000000000800050c                BusFault_Handler
                0x000000000800050c                USART1_IRQHandler
                0x000000000800050c                SPI3_IRQHandler
                0x000000000800050c                I2C1_ER_IRQHandler
                0x000000000800050c                FMC_IRQHandler
                0x000000000800050c                SWPMI1_IRQHandler
                0x000000000800050c                LPTIM1_IRQHandler
                0x000000000800050c                I2C4_ER_IRQHandler
                0x000000000800050c                SAI1_IRQHandler
                0x000000000800050c                DMA2_Channel3_IRQHandler
 *fill*         0x000000000800050e        0x2 
 .text.LED_Init
                0x0000000008000510       0x3c ./drivers/Src/led.o
                0x0000000008000510                LED_Init
 .text.LED_On   0x000000000800054c       0x18 ./drivers/Src/led.o
                0x000000000800054c                LED_On
 .text.LED_Off  0x0000000008000564       0x18 ./drivers/Src/led.o
                0x0000000008000564                LED_Off
 .text.GPIO_PeriClockControl
                0x000000000800057c      0x1a4 ./drivers/Src/stm32l475xx_gpio_driver.o
                0x000000000800057c                GPIO_PeriClockControl
 .text.GPIO_Init
                0x0000000008000720      0x3b8 ./drivers/Src/stm32l475xx_gpio_driver.o
                0x0000000008000720                GPIO_Init
 .text.GPIO_WriteToOutputPin
                0x0000000008000ad8       0x4a ./drivers/Src/stm32l475xx_gpio_driver.o
                0x0000000008000ad8                GPIO_WriteToOutputPin
 .text.HTS221_PowerOn
                0x0000000008000b22       0x2c ./drivers/Src/stm32l47xx_hts221.o
                0x0000000008000b22                HTS221_PowerOn
 .text.HTS221_ReadTemperatureRaw
                0x0000000008000b4e       0x76 ./drivers/Src/stm32l47xx_hts221.o
                0x0000000008000b4e                HTS221_ReadTemperatureRaw
 .text.HTS221_ReadHumidityRaw
                0x0000000008000bc4       0x76 ./drivers/Src/stm32l47xx_hts221.o
                0x0000000008000bc4                HTS221_ReadHumidityRaw
 *fill*         0x0000000008000c3a        0x2 
 .text.I2C_PeriClockControl
                0x0000000008000c3c       0x70 ./drivers/Src/stm32l47xx_i2c_driver.o
                0x0000000008000c3c                I2C_PeriClockControl
 .text.I2C_Init
                0x0000000008000cac       0x78 ./drivers/Src/stm32l47xx_i2c_driver.o
                0x0000000008000cac                I2C_Init
 .text.I2C_MasterSendData
                0x0000000008000d24       0xc4 ./drivers/Src/stm32l47xx_i2c_driver.o
                0x0000000008000d24                I2C_MasterSendData
 .text.I2C_MasterReceiveData
                0x0000000008000de8       0xbc ./drivers/Src/stm32l47xx_i2c_driver.o
                0x0000000008000de8                I2C_MasterReceiveData
 .text.USART_PeriClockControl
                0x0000000008000ea4      0x118 ./drivers/Src/stm32l47xx_usart_driver.o
                0x0000000008000ea4                USART_PeriClockControl
 .text.USART_Init
                0x0000000008000fbc       0xee ./drivers/Src/stm32l47xx_usart_driver.o
                0x0000000008000fbc                USART_Init
 .text.USART_GetFlagStatus
                0x00000000080010aa       0x28 ./drivers/Src/stm32l47xx_usart_driver.o
                0x00000000080010aa                USART_GetFlagStatus
 .text.USART_SendData
                0x00000000080010d2       0x9c ./drivers/Src/stm32l47xx_usart_driver.o
                0x00000000080010d2                USART_SendData
 *fill*         0x000000000800116e        0x2 
 .text.sprintf  0x0000000008001170       0x40 D:/STM32CubeIDE_1.13.2/STM32CubeIDE/plugins/com.st.stm32cube.ide.mcu.externaltools.gnu-tools-for-stm32.11.3.rel1.win32_1.1.1.202309131626/tools/bin/../lib/gcc/arm-none-eabi/11.3.1/../../../../arm-none-eabi/lib/thumb/v7e-m+fp/hard\libc_nano.a(libc_a-sprintf.o)
                0x0000000008001170                siprintf
                0x0000000008001170                sprintf
 .text.__errno  0x00000000080011b0        0xc D:/STM32CubeIDE_1.13.2/STM32CubeIDE/plugins/com.st.stm32cube.ide.mcu.externaltools.gnu-tools-for-stm32.11.3.rel1.win32_1.1.1.202309131626/tools/bin/../lib/gcc/arm-none-eabi/11.3.1/../../../../arm-none-eabi/lib/thumb/v7e-m+fp/hard\libc_nano.a(libc_a-errno.o)
                0x00000000080011b0                __errno
 .text.__libc_init_array
                0x00000000080011bc       0x48 D:/STM32CubeIDE_1.13.2/STM32CubeIDE/plugins/com.st.stm32cube.ide.mcu.externaltools.gnu-tools-for-stm32.11.3.rel1.win32_1.1.1.202309131626/tools/bin/../lib/gcc/arm-none-eabi/11.3.1/../../../../arm-none-eabi/lib/thumb/v7e-m+fp/hard\libc_nano.a(libc_a-init.o)
                0x00000000080011bc                __libc_init_array
 .text.__retarget_lock_acquire_recursive
                0x0000000008001204        0x2 D:/STM32CubeIDE_1.13.2/STM32CubeIDE/plugins/com.st.stm32cube.ide.mcu.externaltools.gnu-tools-for-stm32.11.3.rel1.win32_1.1.1.202309131626/tools/bin/../lib/gcc/arm-none-eabi/11.3.1/../../../../arm-none-eabi/lib/thumb/v7e-m+fp/hard\libc_nano.a(libc_a-lock.o)
                0x0000000008001204                __retarget_lock_acquire_recursive
 .text.__retarget_lock_release_recursive
                0x0000000008001206        0x2 D:/STM32CubeIDE_1.13.2/STM32CubeIDE/plugins/com.st.stm32cube.ide.mcu.externaltools.gnu-tools-for-stm32.11.3.rel1.win32_1.1.1.202309131626/tools/bin/../lib/gcc/arm-none-eabi/11.3.1/../../../../arm-none-eabi/lib/thumb/v7e-m+fp/hard\libc_nano.a(libc_a-lock.o)
                0x0000000008001206                __retarget_lock_release_recursive
 .text._free_r  0x0000000008001208       0x98 D:/STM32CubeIDE_1.13.2/STM32CubeIDE/plugins/com.st.stm32cube.ide.mcu.externaltools.gnu-tools-for-stm32.11.3.rel1.win32_1.1.1.202309131626/tools/bin/../lib/gcc/arm-none-eabi/11.3.1/../../../../arm-none-eabi/lib/thumb/v7e-m+fp/hard\libc_nano.a(libc_a-freer.o)
                0x0000000008001208                _free_r
 .text.sbrk_aligned
                0x00000000080012a0       0x40 D:/STM32CubeIDE_1.13.2/STM32CubeIDE/plugins/com.st.stm32cube.ide.mcu.externaltools.gnu-tools-for-stm32.11.3.rel1.win32_1.1.1.202309131626/tools/bin/../lib/gcc/arm-none-eabi/11.3.1/../../../../arm-none-eabi/lib/thumb/v7e-m+fp/hard\libc_nano.a(libc_a-mallocr.o)
 .text._malloc_r
                0x00000000080012e0      0x100 D:/STM32CubeIDE_1.13.2/STM32CubeIDE/plugins/com.st.stm32cube.ide.mcu.externaltools.gnu-tools-for-stm32.11.3.rel1.win32_1.1.1.202309131626/tools/bin/../lib/gcc/arm-none-eabi/11.3.1/../../../../arm-none-eabi/lib/thumb/v7e-m+fp/hard\libc_nano.a(libc_a-mallocr.o)
                0x00000000080012e0                _malloc_r
 .text.__malloc_lock
                0x00000000080013e0        0xc D:/STM32CubeIDE_1.13.2/STM32CubeIDE/plugins/com.st.stm32cube.ide.mcu.externaltools.gnu-tools-for-stm32.11.3.rel1.win32_1.1.1.202309131626/tools/bin/../lib/gcc/arm-none-eabi/11.3.1/../../../../arm-none-eabi/lib/thumb/v7e-m+fp/hard\libc_nano.a(libc_a-mlock.o)
                0x00000000080013e0                __malloc_lock
 .text.__malloc_unlock
                0x00000000080013ec        0xc D:/STM32CubeIDE_1.13.2/STM32CubeIDE/plugins/com.st.stm32cube.ide.mcu.externaltools.gnu-tools-for-stm32.11.3.rel1.win32_1.1.1.202309131626/tools/bin/../lib/gcc/arm-none-eabi/11.3.1/../../../../arm-none-eabi/lib/thumb/v7e-m+fp/hard\libc_nano.a(libc_a-mlock.o)
                0x00000000080013ec                __malloc_unlock
 .text.__ssputs_r
                0x00000000080013f8       0xb4 D:/STM32CubeIDE_1.13.2/STM32CubeIDE/plugins/com.st.stm32cube.ide.mcu.externaltools.gnu-tools-for-stm32.11.3.rel1.win32_1.1.1.202309131626/tools/bin/../lib/gcc/arm-none-eabi/11.3.1/../../../../arm-none-eabi/lib/thumb/v7e-m+fp/hard\libc_nano.a(libc_a-nano-svfprintf.o)
                0x00000000080013f8                __ssputs_r
 .text._svfprintf_r
                0x00000000080014ac      0x1fc D:/STM32CubeIDE_1.13.2/STM32CubeIDE/plugins/com.st.stm32cube.ide.mcu.externaltools.gnu-tools-for-stm32.11.3.rel1.win32_1.1.1.202309131626/tools/bin/../lib/gcc/arm-none-eabi/11.3.1/../../../../arm-none-eabi/lib/thumb/v7e-m+fp/hard\libc_nano.a(libc_a-nano-svfprintf.o)
                0x00000000080014ac                _svfiprintf_r
                0x00000000080014ac                _svfprintf_r
 .text._printf_common
                0x00000000080016a8       0xda D:/STM32CubeIDE_1.13.2/STM32CubeIDE/plugins/com.st.stm32cube.ide.mcu.externaltools.gnu-tools-for-stm32.11.3.rel1.win32_1.1.1.202309131626/tools/bin/../lib/gcc/arm-none-eabi/11.3.1/../../../../arm-none-eabi/lib/thumb/v7e-m+fp/hard\libc_nano.a(libc_a-nano-vfprintf_i.o)
                0x00000000080016a8                _printf_common
 *fill*         0x0000000008001782        0x2 
 .text._printf_i
                0x0000000008001784      0x244 D:/STM32CubeIDE_1.13.2/STM32CubeIDE/plugins/com.st.stm32cube.ide.mcu.externaltools.gnu-tools-for-stm32.11.3.rel1.win32_1.1.1.202309131626/tools/bin/../lib/gcc/arm-none-eabi/11.3.1/../../../../arm-none-eabi/lib/thumb/v7e-m+fp/hard\libc_nano.a(libc_a-nano-vfprintf_i.o)
                0x0000000008001784                _printf_i
 .text.memmove  0x00000000080019c8       0x34 D:/STM32CubeIDE_1.13.2/STM32CubeIDE/plugins/com.st.stm32cube.ide.mcu.externaltools.gnu-tools-for-stm32.11.3.rel1.win32_1.1.1.202309131626/tools/bin/../lib/gcc/arm-none-eabi/11.3.1/../../../../arm-none-eabi/lib/thumb/v7e-m+fp/hard\libc_nano.a(libc_a-memmove.o)
                0x00000000080019c8                memmove
 .text._sbrk_r  0x00000000080019fc       0x20 D:/STM32CubeIDE_1.13.2/STM32CubeIDE/plugins/com.st.stm32cube.ide.mcu.externaltools.gnu-tools-for-stm32.11.3.rel1.win32_1.1.1.202309131626/tools/bin/../lib/gcc/arm-none-eabi/11.3.1/../../../../arm-none-eabi/lib/thumb/v7e-m+fp/hard\libc_nano.a(libc_a-sbrkr.o)
                0x00000000080019fc                _sbrk_r
 .text.memcpy   0x0000000008001a1c       0x1c D:/STM32CubeIDE_1.13.2/STM32CubeIDE/plugins/com.st.stm32cube.ide.mcu.externaltools.gnu-tools-for-stm32.11.3.rel1.win32_1.1.1.202309131626/tools/bin/../lib/gcc/arm-none-eabi/11.3.1/../../../../arm-none-eabi/lib/thumb/v7e-m+fp/hard\libc_nano.a(libc_a-memcpy-stub.o)
                0x0000000008001a1c                memcpy
 .text._realloc_r
                0x0000000008001a38       0x5e D:/STM32CubeIDE_1.13.2/STM32CubeIDE/plugins/com.st.stm32cube.ide.mcu.externaltools.gnu-tools-for-stm32.11.3.rel1.win32_1.1.1.202309131626/tools/bin/../lib/gcc/arm-none-eabi/11.3.1/../../../../arm-none-eabi/lib/thumb/v7e-m+fp/hard\libc_nano.a(libc_a-reallocr.o)
                0x0000000008001a38                _realloc_r
 .text._malloc_usable_size_r
                0x0000000008001a96       0x10 D:/STM32CubeIDE_1.13.2/STM32CubeIDE/plugins/com.st.stm32cube.ide.mcu.externaltools.gnu-tools-for-stm32.11.3.rel1.win32_1.1.1.202309131626/tools/bin/../lib/gcc/arm-none-eabi/11.3.1/../../../../arm-none-eabi/lib/thumb/v7e-m+fp/hard\libc_nano.a(libc_a-msizer.o)
                0x0000000008001a96                _malloc_usable_size_r
 *(.glue_7)
 .glue_7        0x0000000008001aa6        0x0 linker stubs
 *(.glue_7t)
 .glue_7t       0x0000000008001aa6        0x0 linker stubs
 *(.eh_frame)
 *fill*         0x0000000008001aa6        0x2 
 .eh_frame      0x0000000008001aa8        0x0 D:/STM32CubeIDE_1.13.2/STM32CubeIDE/plugins/com.st.stm32cube.ide.mcu.externaltools.gnu-tools-for-stm32.11.3.rel1.win32_1.1.1.202309131626/tools/bin/../lib/gcc/arm-none-eabi/11.3.1/thumb/v7e-m+fp/hard/crtbegin.o
 *(.init)
 .init          0x0000000008001aa8        0x4 D:/STM32CubeIDE_1.13.2/STM32CubeIDE/plugins/com.st.stm32cube.ide.mcu.externaltools.gnu-tools-for-stm32.11.3.rel1.win32_1.1.1.202309131626/tools/bin/../lib/gcc/arm-none-eabi/11.3.1/thumb/v7e-m+fp/hard/crti.o
                0x0000000008001aa8                _init
 .init          0x0000000008001aac        0x8 D:/STM32CubeIDE_1.13.2/STM32CubeIDE/plugins/com.st.stm32cube.ide.mcu.externaltools.gnu-tools-for-stm32.11.3.rel1.win32_1.1.1.202309131626/tools/bin/../lib/gcc/arm-none-eabi/11.3.1/thumb/v7e-m+fp/hard/crtn.o
 *(.fini)
 .fini          0x0000000008001ab4        0x4 D:/STM32CubeIDE_1.13.2/STM32CubeIDE/plugins/com.st.stm32cube.ide.mcu.externaltools.gnu-tools-for-stm32.11.3.rel1.win32_1.1.1.202309131626/tools/bin/../lib/gcc/arm-none-eabi/11.3.1/thumb/v7e-m+fp/hard/crti.o
                0x0000000008001ab4                _fini
 .fini          0x0000000008001ab8        0x8 D:/STM32CubeIDE_1.13.2/STM32CubeIDE/plugins/com.st.stm32cube.ide.mcu.externaltools.gnu-tools-for-stm32.11.3.rel1.win32_1.1.1.202309131626/tools/bin/../lib/gcc/arm-none-eabi/11.3.1/thumb/v7e-m+fp/hard/crtn.o
                0x0000000008001ac0                . = ALIGN (0x4)
                0x0000000008001ac0                _etext = .

.vfp11_veneer   0x0000000008001ac0        0x0
 .vfp11_veneer  0x0000000008001ac0        0x0 linker stubs

.v4_bx          0x0000000008001ac0        0x0
 .v4_bx         0x0000000008001ac0        0x0 linker stubs

.iplt           0x0000000008001ac0        0x0
 .iplt          0x0000000008001ac0        0x0 D:/STM32CubeIDE_1.13.2/STM32CubeIDE/plugins/com.st.stm32cube.ide.mcu.externaltools.gnu-tools-for-stm32.11.3.rel1.win32_1.1.1.202309131626/tools/bin/../lib/gcc/arm-none-eabi/11.3.1/thumb/v7e-m+fp/hard/crtbegin.o

.rodata         0x0000000008001ac0       0x50
                0x0000000008001ac0                . = ALIGN (0x4)
 *(.rodata)
 .rodata        0x0000000008001ac0       0x1c ./Src/013_hts221_usart.o
 *(.rodata*)
 .rodata._svfprintf_r.str1.1
                0x0000000008001adc       0x11 D:/STM32CubeIDE_1.13.2/STM32CubeIDE/plugins/com.st.stm32cube.ide.mcu.externaltools.gnu-tools-for-stm32.11.3.rel1.win32_1.1.1.202309131626/tools/bin/../lib/gcc/arm-none-eabi/11.3.1/../../../../arm-none-eabi/lib/thumb/v7e-m+fp/hard\libc_nano.a(libc_a-nano-svfprintf.o)
 .rodata._printf_i.str1.1
                0x0000000008001aed       0x22 D:/STM32CubeIDE_1.13.2/STM32CubeIDE/plugins/com.st.stm32cube.ide.mcu.externaltools.gnu-tools-for-stm32.11.3.rel1.win32_1.1.1.202309131626/tools/bin/../lib/gcc/arm-none-eabi/11.3.1/../../../../arm-none-eabi/lib/thumb/v7e-m+fp/hard\libc_nano.a(libc_a-nano-vfprintf_i.o)
                0x0000000008001b10                . = ALIGN (0x4)
 *fill*         0x0000000008001b0f        0x1 

.rel.dyn        0x0000000008001b10        0x0
 .rel.iplt      0x0000000008001b10        0x0 D:/STM32CubeIDE_1.13.2/STM32CubeIDE/plugins/com.st.stm32cube.ide.mcu.externaltools.gnu-tools-for-stm32.11.3.rel1.win32_1.1.1.202309131626/tools/bin/../lib/gcc/arm-none-eabi/11.3.1/thumb/v7e-m+fp/hard/crtbegin.o

.ARM.extab      0x0000000008001b10        0x0
                0x0000000008001b10                . = ALIGN (0x4)
 *(.ARM.extab* .gnu.linkonce.armextab.*)
                0x0000000008001b10                . = ALIGN (0x4)

.ARM            0x0000000008001b10        0x0
                0x0000000008001b10                . = ALIGN (0x4)
                0x0000000008001b10                __exidx_start = .
 *(.ARM.exidx*)
                0x0000000008001b10                __exidx_end = .
                0x0000000008001b10                . = ALIGN (0x4)

.preinit_array  0x0000000008001b10        0x0
                0x0000000008001b10                . = ALIGN (0x4)
                0x0000000008001b10                PROVIDE (__preinit_array_start = .)
 *(.preinit_array*)
                0x0000000008001b10                PROVIDE (__preinit_array_end = .)
                0x0000000008001b10                . = ALIGN (0x4)

.init_array     0x0000000008001b10        0x4
                0x0000000008001b10                . = ALIGN (0x4)
                0x0000000008001b10                PROVIDE (__init_array_start = .)
 *(SORT_BY_NAME(.init_array.*))
 *(.init_array*)
 .init_array    0x0000000008001b10        0x4 D:/STM32CubeIDE_1.13.2/STM32CubeIDE/plugins/com.st.stm32cube.ide.mcu.externaltools.gnu-tools-for-stm32.11.3.rel1.win32_1.1.1.202309131626/tools/bin/../lib/gcc/arm-none-eabi/11.3.1/thumb/v7e-m+fp/hard/crtbegin.o
                0x0000000008001b14                PROVIDE (__init_array_end = .)
                0x0000000008001b14                . = ALIGN (0x4)

.fini_array     0x0000000008001b14        0x4
                0x0000000008001b14                . = ALIGN (0x4)
                [!provide]                        PROVIDE (__fini_array_start = .)
 *(SORT_BY_NAME(.fini_array.*))
 *(.fini_array*)
 .fini_array    0x0000000008001b14        0x4 D:/STM32CubeIDE_1.13.2/STM32CubeIDE/plugins/com.st.stm32cube.ide.mcu.externaltools.gnu-tools-for-stm32.11.3.rel1.win32_1.1.1.202309131626/tools/bin/../lib/gcc/arm-none-eabi/11.3.1/thumb/v7e-m+fp/hard/crtbegin.o
                [!provide]                        PROVIDE (__fini_array_end = .)
                0x0000000008001b18                . = ALIGN (0x4)
                0x0000000008001b18                _sidata = LOADADDR (.data)

.data           0x0000000020000000       0x50 load address 0x0000000008001b18
                0x0000000020000000                . = ALIGN (0x4)
                0x0000000020000000                _sdata = .
 *(.data)
 *(.data*)
 .data._impure_data
                0x0000000020000000       0x4c D:/STM32CubeIDE_1.13.2/STM32CubeIDE/plugins/com.st.stm32cube.ide.mcu.externaltools.gnu-tools-for-stm32.11.3.rel1.win32_1.1.1.202309131626/tools/bin/../lib/gcc/arm-none-eabi/11.3.1/../../../../arm-none-eabi/lib/thumb/v7e-m+fp/hard\libc_nano.a(libc_a-impure.o)
                0x0000000020000000                _impure_data
 .data._impure_ptr
                0x000000002000004c        0x4 D:/STM32CubeIDE_1.13.2/STM32CubeIDE/plugins/com.st.stm32cube.ide.mcu.externaltools.gnu-tools-for-stm32.11.3.rel1.win32_1.1.1.202309131626/tools/bin/../lib/gcc/arm-none-eabi/11.3.1/../../../../arm-none-eabi/lib/thumb/v7e-m+fp/hard\libc_nano.a(libc_a-impure.o)
                0x000000002000004c                _impure_ptr
 *(.RamFunc)
 *(.RamFunc*)
                0x0000000020000050                . = ALIGN (0x4)
                0x0000000020000050                _edata = .
                0x0000000008001b68                _sisram2 = LOADADDR (.sram2)

.igot.plt       0x0000000020000050        0x0 load address 0x0000000008001b68
 .igot.plt      0x0000000020000050        0x0 D:/STM32CubeIDE_1.13.2/STM32CubeIDE/plugins/com.st.stm32cube.ide.mcu.externaltools.gnu-tools-for-stm32.11.3.rel1.win32_1.1.1.202309131626/tools/bin/../lib/gcc/arm-none-eabi/11.3.1/thumb/v7e-m+fp/hard/crtbegin.o

.sram2          0x0000000010000000        0x0 load address 0x0000000008001b68
                0x0000000010000000                . = ALIGN (0x4)
                0x0000000010000000                _ssram2 = .
 *(.sram2)
 *(.sram2*)
                0x0000000010000000                . = ALIGN (0x4)
                0x0000000010000000                _esram2 = .
                0x0000000010000000                . = ALIGN (0x4)

.bss            0x0000000020000050      0x188
                0x0000000020000050                _sbss = .
                0x0000000020000050                __bss_start__ = _sbss
 *(.bss)
 .bss           0x0000000020000050       0x1c D:/STM32CubeIDE_1.13.2/STM32CubeIDE/plugins/com.st.stm32cube.ide.mcu.externaltools.gnu-tools-for-stm32.11.3.rel1.win32_1.1.1.202309131626/tools/bin/../lib/gcc/arm-none-eabi/11.3.1/thumb/v7e-m+fp/hard/crtbegin.o
 *(.bss*)
 .bss.I2C2Handle
                0x000000002000006c       0x10 ./Src/013_hts221_usart.o
                0x000000002000006c                I2C2Handle
 .bss.USART2Handle
                0x000000002000007c       0x10 ./Src/013_hts221_usart.o
                0x000000002000007c                USART2Handle
 .bss.__sbrk_heap_end
                0x000000002000008c        0x4 ./Src/sysmem.o
 .bss.__sf      0x0000000020000090      0x138 D:/STM32CubeIDE_1.13.2/STM32CubeIDE/plugins/com.st.stm32cube.ide.mcu.externaltools.gnu-tools-for-stm32.11.3.rel1.win32_1.1.1.202309131626/tools/bin/../lib/gcc/arm-none-eabi/11.3.1/../../../../arm-none-eabi/lib/thumb/v7e-m+fp/hard\libc_nano.a(libc_a-findfp.o)
                0x0000000020000090                __sf
 .bss.errno     0x00000000200001c8        0x4 D:/STM32CubeIDE_1.13.2/STM32CubeIDE/plugins/com.st.stm32cube.ide.mcu.externaltools.gnu-tools-for-stm32.11.3.rel1.win32_1.1.1.202309131626/tools/bin/../lib/gcc/arm-none-eabi/11.3.1/../../../../arm-none-eabi/lib/thumb/v7e-m+fp/hard\libc_nano.a(libc_a-reent.o)
                0x00000000200001c8                errno
 .bss.__lock___malloc_recursive_mutex
                0x00000000200001cc        0x1 D:/STM32CubeIDE_1.13.2/STM32CubeIDE/plugins/com.st.stm32cube.ide.mcu.externaltools.gnu-tools-for-stm32.11.3.rel1.win32_1.1.1.202309131626/tools/bin/../lib/gcc/arm-none-eabi/11.3.1/../../../../arm-none-eabi/lib/thumb/v7e-m+fp/hard\libc_nano.a(libc_a-lock.o)
                0x00000000200001cc                __lock___malloc_recursive_mutex
 *fill*         0x00000000200001cd        0x3 
 .bss.__malloc_free_list
                0x00000000200001d0        0x4 D:/STM32CubeIDE_1.13.2/STM32CubeIDE/plugins/com.st.stm32cube.ide.mcu.externaltools.gnu-tools-for-stm32.11.3.rel1.win32_1.1.1.202309131626/tools/bin/../lib/gcc/arm-none-eabi/11.3.1/../../../../arm-none-eabi/lib/thumb/v7e-m+fp/hard\libc_nano.a(libc_a-mallocr.o)
                0x00000000200001d0                __malloc_free_list
 .bss.__malloc_sbrk_start
                0x00000000200001d4        0x4 D:/STM32CubeIDE_1.13.2/STM32CubeIDE/plugins/com.st.stm32cube.ide.mcu.externaltools.gnu-tools-for-stm32.11.3.rel1.win32_1.1.1.202309131626/tools/bin/../lib/gcc/arm-none-eabi/11.3.1/../../../../arm-none-eabi/lib/thumb/v7e-m+fp/hard\libc_nano.a(libc_a-mallocr.o)
                0x00000000200001d4                __malloc_sbrk_start
 *(COMMON)
                0x00000000200001d8                . = ALIGN (0x4)
                0x00000000200001d8                _ebss = .
                0x00000000200001d8                __bss_end__ = _ebss

._user_heap_stack
                0x00000000200001d8      0x600
                0x00000000200001d8                . = ALIGN (0x8)
                [!provide]                        PROVIDE (end = .)
                0x00000000200001d8                PROVIDE (_end = .)
                0x00000000200003d8                . = (. + _Min_Heap_Size)
 *fill*         0x00000000200001d8      0x200 
                0x00000000200007d8                . = (. + _Min_Stack_Size)
 *fill*         0x00000000200003d8      0x400 
                0x00000000200007d8                . = ALIGN (0x8)

/DISCARD/
 libc.a(*)
 libm.a(*)
 libgcc.a(*)

.ARM.attributes
                0x0000000000000000       0x30
 *(.ARM.attributes)
 .ARM.attributes
                0x0000000000000000       0x1e D:/STM32CubeIDE_1.13.2/STM32CubeIDE/plugins/com.st.stm32cube.ide.mcu.externaltools.gnu-tools-for-stm32.11.3.rel1.win32_1.1.1.202309131626/tools/bin/../lib/gcc/arm-none-eabi/11.3.1/thumb/v7e-m+fp/hard/crti.o
 .ARM.attributes
                0x000000000000001e       0x34 D:/STM32CubeIDE_1.13.2/STM32CubeIDE/plugins/com.st.stm32cube.ide.mcu.externaltools.gnu-tools-for-stm32.11.3.rel1.win32_1.1.1.202309131626/tools/bin/../lib/gcc/arm-none-eabi/11.3.1/thumb/v7e-m+fp/hard/crtbegin.o
 .ARM.attributes
                0x0000000000000052       0x34 ./Src/013_hts221_usart.o
 .ARM.attributes
                0x0000000000000086       0x34 ./Src/sysmem.o
 .ARM.attributes
                0x00000000000000ba       0x21 ./Startup/startup_stm32l475vgtx.o
 .ARM.attributes
                0x00000000000000db       0x34 ./drivers/Src/led.o
 .ARM.attributes
                0x000000000000010f       0x34 ./drivers/Src/stm32l475xx_gpio_driver.o
 .ARM.attributes
                0x0000000000000143       0x34 ./drivers/Src/stm32l47xx_hts221.o
 .ARM.attributes
                0x0000000000000177       0x34 ./drivers/Src/stm32l47xx_i2c_driver.o
 .ARM.attributes
                0x00000000000001ab       0x34 ./drivers/Src/stm32l47xx_usart_driver.o
 .ARM.attributes
                0x00000000000001df       0x34 D:/STM32CubeIDE_1.13.2/STM32CubeIDE/plugins/com.st.stm32cube.ide.mcu.externaltools.gnu-tools-for-stm32.11.3.rel1.win32_1.1.1.202309131626/tools/bin/../lib/gcc/arm-none-eabi/11.3.1/../../../../arm-none-eabi/lib/thumb/v7e-m+fp/hard\libc_nano.a(libc_a-findfp.o)
 .ARM.attributes
                0x0000000000000213       0x34 D:/STM32CubeIDE_1.13.2/STM32CubeIDE/plugins/com.st.stm32cube.ide.mcu.externaltools.gnu-tools-for-stm32.11.3.rel1.win32_1.1.1.202309131626/tools/bin/../lib/gcc/arm-none-eabi/11.3.1/../../../../arm-none-eabi/lib/thumb/v7e-m+fp/hard\libc_nano.a(libc_a-sprintf.o)
 .ARM.attributes
                0x0000000000000247       0x34 D:/STM32CubeIDE_1.13.2/STM32CubeIDE/plugins/com.st.stm32cube.ide.mcu.externaltools.gnu-tools-for-stm32.11.3.rel1.win32_1.1.1.202309131626/tools/bin/../lib/gcc/arm-none-eabi/11.3.1/../../../../arm-none-eabi/lib/thumb/v7e-m+fp/hard\libc_nano.a(libc_a-reent.o)
 .ARM.attributes
                0x000000000000027b       0x34 D:/STM32CubeIDE_1.13.2/STM32CubeIDE/plugins/com.st.stm32cube.ide.mcu.externaltools.gnu-tools-for-stm32.11.3.rel1.win32_1.1.1.202309131626/tools/bin/../lib/gcc/arm-none-eabi/11.3.1/../../../../arm-none-eabi/lib/thumb/v7e-m+fp/hard\libc_nano.a(libc_a-impure.o)
 .ARM.attributes
                0x00000000000002af       0x34 D:/STM32CubeIDE_1.13.2/STM32CubeIDE/plugins/com.st.stm32cube.ide.mcu.externaltools.gnu-tools-for-stm32.11.3.rel1.win32_1.1.1.202309131626/tools/bin/../lib/gcc/arm-none-eabi/11.3.1/../../../../arm-none-eabi/lib/thumb/v7e-m+fp/hard\libc_nano.a(libc_a-errno.o)
 .ARM.attributes
                0x00000000000002e3       0x34 D:/STM32CubeIDE_1.13.2/STM32CubeIDE/plugins/com.st.stm32cube.ide.mcu.externaltools.gnu-tools-for-stm32.11.3.rel1.win32_1.1.1.202309131626/tools/bin/../lib/gcc/arm-none-eabi/11.3.1/../../../../arm-none-eabi/lib/thumb/v7e-m+fp/hard\libc_nano.a(libc_a-init.o)
 .ARM.attributes
                0x0000000000000317       0x34 D:/STM32CubeIDE_1.13.2/STM32CubeIDE/plugins/com.st.stm32cube.ide.mcu.externaltools.gnu-tools-for-stm32.11.3.rel1.win32_1.1.1.202309131626/tools/bin/../lib/gcc/arm-none-eabi/11.3.1/../../../../arm-none-eabi/lib/thumb/v7e-m+fp/hard\libc_nano.a(libc_a-lock.o)
 .ARM.attributes
                0x000000000000034b       0x17 D:/STM32CubeIDE_1.13.2/STM32CubeIDE/plugins/com.st.stm32cube.ide.mcu.externaltools.gnu-tools-for-stm32.11.3.rel1.win32_1.1.1.202309131626/tools/bin/../lib/gcc/arm-none-eabi/11.3.1/../../../../arm-none-eabi/lib/thumb/v7e-m+fp/hard\libc_nano.a(libc_a-strlen.o)
 .ARM.attributes
                0x0000000000000362       0x34 D:/STM32CubeIDE_1.13.2/STM32CubeIDE/plugins/com.st.stm32cube.ide.mcu.externaltools.gnu-tools-for-stm32.11.3.rel1.win32_1.1.1.202309131626/tools/bin/../lib/gcc/arm-none-eabi/11.3.1/../../../../arm-none-eabi/lib/thumb/v7e-m+fp/hard\libc_nano.a(libc_a-freer.o)
 .ARM.attributes
                0x0000000000000396       0x34 D:/STM32CubeIDE_1.13.2/STM32CubeIDE/plugins/com.st.stm32cube.ide.mcu.externaltools.gnu-tools-for-stm32.11.3.rel1.win32_1.1.1.202309131626/tools/bin/../lib/gcc/arm-none-eabi/11.3.1/../../../../arm-none-eabi/lib/thumb/v7e-m+fp/hard\libc_nano.a(libc_a-mallocr.o)
 .ARM.attributes
                0x00000000000003ca       0x34 D:/STM32CubeIDE_1.13.2/STM32CubeIDE/plugins/com.st.stm32cube.ide.mcu.externaltools.gnu-tools-for-stm32.11.3.rel1.win32_1.1.1.202309131626/tools/bin/../lib/gcc/arm-none-eabi/11.3.1/../../../../arm-none-eabi/lib/thumb/v7e-m+fp/hard\libc_nano.a(libc_a-mlock.o)
 .ARM.attributes
                0x00000000000003fe       0x34 D:/STM32CubeIDE_1.13.2/STM32CubeIDE/plugins/com.st.stm32cube.ide.mcu.externaltools.gnu-tools-for-stm32.11.3.rel1.win32_1.1.1.202309131626/tools/bin/../lib/gcc/arm-none-eabi/11.3.1/../../../../arm-none-eabi/lib/thumb/v7e-m+fp/hard\libc_nano.a(libc_a-nano-svfprintf.o)
 .ARM.attributes
                0x0000000000000432       0x34 D:/STM32CubeIDE_1.13.2/STM32CubeIDE/plugins/com.st.stm32cube.ide.mcu.externaltools.gnu-tools-for-stm32.11.3.rel1.win32_1.1.1.202309131626/tools/bin/../lib/gcc/arm-none-eabi/11.3.1/../../../../arm-none-eabi/lib/thumb/v7e-m+fp/hard\libc_nano.a(libc_a-nano-vfprintf_i.o)
 .ARM.attributes
                0x0000000000000466       0x34 D:/STM32CubeIDE_1.13.2/STM32CubeIDE/plugins/com.st.stm32cube.ide.mcu.externaltools.gnu-tools-for-stm32.11.3.rel1.win32_1.1.1.202309131626/tools/bin/../lib/gcc/arm-none-eabi/11.3.1/../../../../arm-none-eabi/lib/thumb/v7e-m+fp/hard\libc_nano.a(libc_a-memmove.o)
 .ARM.attributes
                0x000000000000049a       0x34 D:/STM32CubeIDE_1.13.2/STM32CubeIDE/plugins/com.st.stm32cube.ide.mcu.externaltools.gnu-tools-for-stm32.11.3.rel1.win32_1.1.1.202309131626/tools/bin/../lib/gcc/arm-none-eabi/11.3.1/../../../../arm-none-eabi/lib/thumb/v7e-m+fp/hard\libc_nano.a(libc_a-sbrkr.o)
 .ARM.attributes
                0x00000000000004ce       0x1c D:/STM32CubeIDE_1.13.2/STM32CubeIDE/plugins/com.st.stm32cube.ide.mcu.externaltools.gnu-tools-for-stm32.11.3.rel1.win32_1.1.1.202309131626/tools/bin/../lib/gcc/arm-none-eabi/11.3.1/../../../../arm-none-eabi/lib/thumb/v7e-m+fp/hard\libc_nano.a(libc_a-memchr.o)
 .ARM.attributes
                0x00000000000004ea       0x34 D:/STM32CubeIDE_1.13.2/STM32CubeIDE/plugins/com.st.stm32cube.ide.mcu.externaltools.gnu-tools-for-stm32.11.3.rel1.win32_1.1.1.202309131626/tools/bin/../lib/gcc/arm-none-eabi/11.3.1/../../../../arm-none-eabi/lib/thumb/v7e-m+fp/hard\libc_nano.a(libc_a-memcpy-stub.o)
 .ARM.attributes
                0x000000000000051e       0x34 D:/STM32CubeIDE_1.13.2/STM32CubeIDE/plugins/com.st.stm32cube.ide.mcu.externaltools.gnu-tools-for-stm32.11.3.rel1.win32_1.1.1.202309131626/tools/bin/../lib/gcc/arm-none-eabi/11.3.1/../../../../arm-none-eabi/lib/thumb/v7e-m+fp/hard\libc_nano.a(libc_a-reallocr.o)
 .ARM.attributes
                0x0000000000000552       0x34 D:/STM32CubeIDE_1.13.2/STM32CubeIDE/plugins/com.st.stm32cube.ide.mcu.externaltools.gnu-tools-for-stm32.11.3.rel1.win32_1.1.1.202309131626/tools/bin/../lib/gcc/arm-none-eabi/11.3.1/../../../../arm-none-eabi/lib/thumb/v7e-m+fp/hard\libc_nano.a(libc_a-msizer.o)
 .ARM.attributes
                0x0000000000000586       0x1e D:/STM32CubeIDE_1.13.2/STM32CubeIDE/plugins/com.st.stm32cube.ide.mcu.externaltools.gnu-tools-for-stm32.11.3.rel1.win32_1.1.1.202309131626/tools/bin/../lib/gcc/arm-none-eabi/11.3.1/thumb/v7e-m+fp/hard/crtn.o
OUTPUT(stm32l47xx_drivers.elf elf32-littlearm)
LOAD linker stubs
LOAD D:/STM32CubeIDE_1.13.2/STM32CubeIDE/plugins/com.st.stm32cube.ide.mcu.externaltools.gnu-tools-for-stm32.11.3.rel1.win32_1.1.1.202309131626/tools/bin/../lib/gcc/arm-none-eabi/11.3.1/../../../../arm-none-eabi/lib/thumb/v7e-m+fp/hard\libc.a
LOAD D:/STM32CubeIDE_1.13.2/STM32CubeIDE/plugins/com.st.stm32cube.ide.mcu.externaltools.gnu-tools-for-stm32.11.3.rel1.win32_1.1.1.202309131626/tools/bin/../lib/gcc/arm-none-eabi/11.3.1/../../../../arm-none-eabi/lib/thumb/v7e-m+fp/hard\libm.a
LOAD D:/STM32CubeIDE_1.13.2/STM32CubeIDE/plugins/com.st.stm32cube.ide.mcu.externaltools.gnu-tools-for-stm32.11.3.rel1.win32_1.1.1.202309131626/tools/bin/../lib/gcc/arm-none-eabi/11.3.1/thumb/v7e-m+fp/hard\libgcc.a

.comment        0x0000000000000000       0x43
 .comment       0x0000000000000000       0x43 D:/STM32CubeIDE_1.13.2/STM32CubeIDE/plugins/com.st.stm32cube.ide.mcu.externaltools.gnu-tools-for-stm32.11.3.rel1.win32_1.1.1.202309131626/tools/bin/../lib/gcc/arm-none-eabi/11.3.1/thumb/v7e-m+fp/hard/crtbegin.o
                                         0x44 (size before relaxing)
 .comment       0x0000000000000043       0x44 ./Src/013_hts221_usart.o
 .comment       0x0000000000000043       0x44 ./Src/sysmem.o
 .comment       0x0000000000000043       0x44 ./drivers/Src/led.o
 .comment       0x0000000000000043       0x44 ./drivers/Src/stm32l475xx_gpio_driver.o
 .comment       0x0000000000000043       0x44 ./drivers/Src/stm32l47xx_hts221.o
 .comment       0x0000000000000043       0x44 ./drivers/Src/stm32l47xx_i2c_driver.o
 .comment       0x0000000000000043       0x44 ./drivers/Src/stm32l47xx_usart_driver.o

.debug_info     0x0000000000000000     0x20c5
 .debug_info    0x0000000000000000      0x694 ./Src/013_hts221_usart.o
 .debug_info    0x0000000000000694      0x168 ./Src/sysmem.o
 .debug_info    0x00000000000007fc       0x23 ./Startup/startup_stm32l475vgtx.o
 .debug_info    0x000000000000081f      0x274 ./drivers/Src/led.o
 .debug_info    0x0000000000000a93      0x801 ./drivers/Src/stm32l475xx_gpio_driver.o
 .debug_info    0x0000000000001294      0x34c ./drivers/Src/stm32l47xx_hts221.o
 .debug_info    0x00000000000015e0      0x5b2 ./drivers/Src/stm32l47xx_i2c_driver.o
 .debug_info    0x0000000000001b92      0x533 ./drivers/Src/stm32l47xx_usart_driver.o

.debug_abbrev   0x0000000000000000      0x98a
 .debug_abbrev  0x0000000000000000      0x1a6 ./Src/013_hts221_usart.o
 .debug_abbrev  0x00000000000001a6       0xbc ./Src/sysmem.o
 .debug_abbrev  0x0000000000000262       0x12 ./Startup/startup_stm32l475vgtx.o
 .debug_abbrev  0x0000000000000274       0xf5 ./drivers/Src/led.o
 .debug_abbrev  0x0000000000000369      0x1dc ./drivers/Src/stm32l475xx_gpio_driver.o
 .debug_abbrev  0x0000000000000545      0x13c ./drivers/Src/stm32l47xx_hts221.o
 .debug_abbrev  0x0000000000000681      0x169 ./drivers/Src/stm32l47xx_i2c_driver.o
 .debug_abbrev  0x00000000000007ea      0x1a0 ./drivers/Src/stm32l47xx_usart_driver.o

.debug_aranges  0x0000000000000000      0x1f0
 .debug_aranges
                0x0000000000000000       0x50 ./Src/013_hts221_usart.o
 .debug_aranges
                0x0000000000000050       0x20 ./Src/sysmem.o
 .debug_aranges
                0x0000000000000070       0x28 ./Startup/startup_stm32l475vgtx.o
 .debug_aranges
                0x0000000000000098       0x30 ./drivers/Src/led.o
 .debug_aranges
                0x00000000000000c8       0x70 ./drivers/Src/stm32l475xx_gpio_driver.o
 .debug_aranges
                0x0000000000000138       0x38 ./drivers/Src/stm32l47xx_hts221.o
 .debug_aranges
                0x0000000000000170       0x38 ./drivers/Src/stm32l47xx_i2c_driver.o
 .debug_aranges
                0x00000000000001a8       0x48 ./drivers/Src/stm32l47xx_usart_driver.o

.debug_rnglists
                0x0000000000000000      0x156
 .debug_rnglists
                0x0000000000000000       0x37 ./Src/013_hts221_usart.o
 .debug_rnglists
                0x0000000000000037       0x13 ./Src/sysmem.o
 .debug_rnglists
                0x000000000000004a       0x19 ./Startup/startup_stm32l475vgtx.o
 .debug_rnglists
                0x0000000000000063       0x1f ./drivers/Src/led.o
 .debug_rnglists
                0x0000000000000082       0x53 ./drivers/Src/stm32l475xx_gpio_driver.o
 .debug_rnglists
                0x00000000000000d5       0x25 ./drivers/Src/stm32l47xx_hts221.o
 .debug_rnglists
                0x00000000000000fa       0x27 ./drivers/Src/stm32l47xx_i2c_driver.o
 .debug_rnglists
                0x0000000000000121       0x35 ./drivers/Src/stm32l47xx_usart_driver.o

.debug_macro    0x0000000000000000     0x2e7f
 .debug_macro   0x0000000000000000      0x206 ./Src/013_hts221_usart.o
 .debug_macro   0x0000000000000206      0xab4 ./Src/013_hts221_usart.o
 .debug_macro   0x0000000000000cba       0x22 ./Src/013_hts221_usart.o
 .debug_macro   0x0000000000000cdc       0x8e ./Src/013_hts221_usart.o
 .debug_macro   0x0000000000000d6a       0x51 ./Src/013_hts221_usart.o
 .debug_macro   0x0000000000000dbb      0x103 ./Src/013_hts221_usart.o
 .debug_macro   0x0000000000000ebe       0x6a ./Src/013_hts221_usart.o
 .debug_macro   0x0000000000000f28      0x1df ./Src/013_hts221_usart.o
 .debug_macro   0x0000000000001107      0x897 ./Src/013_hts221_usart.o
 .debug_macro   0x000000000000199e       0xac ./Src/013_hts221_usart.o
 .debug_macro   0x0000000000001a4a       0x22 ./Src/013_hts221_usart.o
 .debug_macro   0x0000000000001a6c       0x9a ./Src/013_hts221_usart.o
 .debug_macro   0x0000000000001b06       0xc4 ./Src/013_hts221_usart.o
 .debug_macro   0x0000000000001bca       0x2e ./Src/013_hts221_usart.o
 .debug_macro   0x0000000000001bf8       0x61 ./Src/013_hts221_usart.o
 .debug_macro   0x0000000000001c59       0x2a ./Src/013_hts221_usart.o
 .debug_macro   0x0000000000001c83       0x43 ./Src/013_hts221_usart.o
 .debug_macro   0x0000000000001cc6       0x34 ./Src/013_hts221_usart.o
 .debug_macro   0x0000000000001cfa      0x174 ./Src/013_hts221_usart.o
 .debug_macro   0x0000000000001e6e       0x16 ./Src/013_hts221_usart.o
 .debug_macro   0x0000000000001e84       0x43 ./Src/013_hts221_usart.o
 .debug_macro   0x0000000000001ec7       0x34 ./Src/013_hts221_usart.o
 .debug_macro   0x0000000000001efb       0x10 ./Src/013_hts221_usart.o
 .debug_macro   0x0000000000001f0b       0x58 ./Src/013_hts221_usart.o
 .debug_macro   0x0000000000001f63       0x8e ./Src/013_hts221_usart.o
 .debug_macro   0x0000000000001ff1       0x1c ./Src/013_hts221_usart.o
 .debug_macro   0x000000000000200d      0x177 ./Src/013_hts221_usart.o
 .debug_macro   0x0000000000002184      0x369 ./Src/013_hts221_usart.o
 .debug_macro   0x00000000000024ed       0x10 ./Src/013_hts221_usart.o
 .debug_macro   0x00000000000024fd       0x35 ./Src/013_hts221_usart.o
 .debug_macro   0x0000000000002532       0x20 ./Src/013_hts221_usart.o
 .debug_macro   0x0000000000002552       0x1c ./Src/013_hts221_usart.o
 .debug_macro   0x000000000000256e       0x10 ./Src/013_hts221_usart.o
 .debug_macro   0x000000000000257e       0x1c ./Src/013_hts221_usart.o
 .debug_macro   0x000000000000259a       0x16 ./Src/013_hts221_usart.o
 .debug_macro   0x00000000000025b0      0x147 ./Src/013_hts221_usart.o
 .debug_macro   0x00000000000026f7       0xff ./Src/sysmem.o
 .debug_macro   0x00000000000027f6      0x23c ./Src/sysmem.o
 .debug_macro   0x0000000000002a32       0xda ./drivers/Src/led.o
 .debug_macro   0x0000000000002b0c       0xd1 ./drivers/Src/stm32l475xx_gpio_driver.o
 .debug_macro   0x0000000000002bdd       0xed ./drivers/Src/stm32l47xx_hts221.o
 .debug_macro   0x0000000000002cca       0xe4 ./drivers/Src/stm32l47xx_i2c_driver.o
 .debug_macro   0x0000000000002dae       0xd1 ./drivers/Src/stm32l47xx_usart_driver.o

.debug_line     0x0000000000000000     0x3014
 .debug_line    0x0000000000000000      0x795 ./Src/013_hts221_usart.o
 .debug_line    0x0000000000000795      0x565 ./Src/sysmem.o
 .debug_line    0x0000000000000cfa       0x7b ./Startup/startup_stm32l475vgtx.o
 .debug_line    0x0000000000000d75      0x50d ./drivers/Src/led.o
 .debug_line    0x0000000000001282      0xa89 ./drivers/Src/stm32l475xx_gpio_driver.o
 .debug_line    0x0000000000001d0b      0x563 ./drivers/Src/stm32l47xx_hts221.o
 .debug_line    0x000000000000226e      0x6bc ./drivers/Src/stm32l47xx_i2c_driver.o
 .debug_line    0x000000000000292a      0x6ea ./drivers/Src/stm32l47xx_usart_driver.o

.debug_str      0x0000000000000000     0xafa8
 .debug_str     0x0000000000000000     0xa5b8 ./Src/013_hts221_usart.o
                                       0xa7e9 (size before relaxing)
 .debug_str     0x000000000000a5b8      0x4d7 ./Src/sysmem.o
                                       0x6078 (size before relaxing)
 .debug_str     0x000000000000aa8f       0x2f ./Startup/startup_stm32l475vgtx.o
                                         0x75 (size before relaxing)
 .debug_str     0x000000000000aabe       0x49 ./drivers/Src/led.o
                                       0x69fd (size before relaxing)
 .debug_str     0x000000000000ab07      0x30e ./drivers/Src/stm32l475xx_gpio_driver.o
                                       0x6cee (size before relaxing)
 .debug_str     0x000000000000ae15       0x83 ./drivers/Src/stm32l47xx_hts221.o
                                       0x6b01 (size before relaxing)
 .debug_str     0x000000000000ae98       0x6c ./drivers/Src/stm32l47xx_i2c_driver.o
                                       0x6c48 (size before relaxing)
 .debug_str     0x000000000000af04       0xa4 ./drivers/Src/stm32l47xx_usart_driver.o
                                       0x6ba0 (size before relaxing)

.debug_frame    0x0000000000000000      0xb0c
 .debug_frame   0x0000000000000000       0xfc ./Src/013_hts221_usart.o
 .debug_frame   0x00000000000000fc       0x34 ./Src/sysmem.o
 .debug_frame   0x0000000000000130       0x6c ./drivers/Src/led.o
 .debug_frame   0x000000000000019c      0x1c8 ./drivers/Src/stm32l475xx_gpio_driver.o
 .debug_frame   0x0000000000000364       0xa0 ./drivers/Src/stm32l47xx_hts221.o
 .debug_frame   0x0000000000000404       0xac ./drivers/Src/stm32l47xx_i2c_driver.o
 .debug_frame   0x00000000000004b0       0xf8 ./drivers/Src/stm32l47xx_usart_driver.o
 .debug_frame   0x00000000000005a8      0x144 D:/STM32CubeIDE_1.13.2/STM32CubeIDE/plugins/com.st.stm32cube.ide.mcu.externaltools.gnu-tools-for-stm32.11.3.rel1.win32_1.1.1.202309131626/tools/bin/../lib/gcc/arm-none-eabi/11.3.1/../../../../arm-none-eabi/lib/thumb/v7e-m+fp/hard\libc_nano.a(libc_a-findfp.o)
 .debug_frame   0x00000000000006ec       0x6c D:/STM32CubeIDE_1.13.2/STM32CubeIDE/plugins/com.st.stm32cube.ide.mcu.externaltools.gnu-tools-for-stm32.11.3.rel1.win32_1.1.1.202309131626/tools/bin/../lib/gcc/arm-none-eabi/11.3.1/../../../../arm-none-eabi/lib/thumb/v7e-m+fp/hard\libc_nano.a(libc_a-sprintf.o)
 .debug_frame   0x0000000000000758       0x38 D:/STM32CubeIDE_1.13.2/STM32CubeIDE/plugins/com.st.stm32cube.ide.mcu.externaltools.gnu-tools-for-stm32.11.3.rel1.win32_1.1.1.202309131626/tools/bin/../lib/gcc/arm-none-eabi/11.3.1/../../../../arm-none-eabi/lib/thumb/v7e-m+fp/hard\libc_nano.a(libc_a-reent.o)
 .debug_frame   0x0000000000000790       0x20 D:/STM32CubeIDE_1.13.2/STM32CubeIDE/plugins/com.st.stm32cube.ide.mcu.externaltools.gnu-tools-for-stm32.11.3.rel1.win32_1.1.1.202309131626/tools/bin/../lib/gcc/arm-none-eabi/11.3.1/../../../../arm-none-eabi/lib/thumb/v7e-m+fp/hard\libc_nano.a(libc_a-errno.o)
 .debug_frame   0x00000000000007b0       0x2c D:/STM32CubeIDE_1.13.2/STM32CubeIDE/plugins/com.st.stm32cube.ide.mcu.externaltools.gnu-tools-for-stm32.11.3.rel1.win32_1.1.1.202309131626/tools/bin/../lib/gcc/arm-none-eabi/11.3.1/../../../../arm-none-eabi/lib/thumb/v7e-m+fp/hard\libc_nano.a(libc_a-init.o)
 .debug_frame   0x00000000000007dc       0xb0 D:/STM32CubeIDE_1.13.2/STM32CubeIDE/plugins/com.st.stm32cube.ide.mcu.externaltools.gnu-tools-for-stm32.11.3.rel1.win32_1.1.1.202309131626/tools/bin/../lib/gcc/arm-none-eabi/11.3.1/../../../../arm-none-eabi/lib/thumb/v7e-m+fp/hard\libc_nano.a(libc_a-lock.o)
 .debug_frame   0x000000000000088c       0x38 D:/STM32CubeIDE_1.13.2/STM32CubeIDE/plugins/com.st.stm32cube.ide.mcu.externaltools.gnu-tools-for-stm32.11.3.rel1.win32_1.1.1.202309131626/tools/bin/../lib/gcc/arm-none-eabi/11.3.1/../../../../arm-none-eabi/lib/thumb/v7e-m+fp/hard\libc_nano.a(libc_a-freer.o)
 .debug_frame   0x00000000000008c4       0x50 D:/STM32CubeIDE_1.13.2/STM32CubeIDE/plugins/com.st.stm32cube.ide.mcu.externaltools.gnu-tools-for-stm32.11.3.rel1.win32_1.1.1.202309131626/tools/bin/../lib/gcc/arm-none-eabi/11.3.1/../../../../arm-none-eabi/lib/thumb/v7e-m+fp/hard\libc_nano.a(libc_a-mallocr.o)
 .debug_frame   0x0000000000000914       0x30 D:/STM32CubeIDE_1.13.2/STM32CubeIDE/plugins/com.st.stm32cube.ide.mcu.externaltools.gnu-tools-for-stm32.11.3.rel1.win32_1.1.1.202309131626/tools/bin/../lib/gcc/arm-none-eabi/11.3.1/../../../../arm-none-eabi/lib/thumb/v7e-m+fp/hard\libc_nano.a(libc_a-mlock.o)
 .debug_frame   0x0000000000000944       0x90 D:/STM32CubeIDE_1.13.2/STM32CubeIDE/plugins/com.st.stm32cube.ide.mcu.externaltools.gnu-tools-for-stm32.11.3.rel1.win32_1.1.1.202309131626/tools/bin/../lib/gcc/arm-none-eabi/11.3.1/../../../../arm-none-eabi/lib/thumb/v7e-m+fp/hard\libc_nano.a(libc_a-nano-svfprintf.o)
 .debug_frame   0x00000000000009d4       0x60 D:/STM32CubeIDE_1.13.2/STM32CubeIDE/plugins/com.st.stm32cube.ide.mcu.externaltools.gnu-tools-for-stm32.11.3.rel1.win32_1.1.1.202309131626/tools/bin/../lib/gcc/arm-none-eabi/11.3.1/../../../../arm-none-eabi/lib/thumb/v7e-m+fp/hard\libc_nano.a(libc_a-nano-vfprintf_i.o)
 .debug_frame   0x0000000000000a34       0x28 D:/STM32CubeIDE_1.13.2/STM32CubeIDE/plugins/com.st.stm32cube.ide.mcu.externaltools.gnu-tools-for-stm32.11.3.rel1.win32_1.1.1.202309131626/tools/bin/../lib/gcc/arm-none-eabi/11.3.1/../../../../arm-none-eabi/lib/thumb/v7e-m+fp/hard\libc_nano.a(libc_a-memmove.o)
 .debug_frame   0x0000000000000a5c       0x2c D:/STM32CubeIDE_1.13.2/STM32CubeIDE/plugins/com.st.stm32cube.ide.mcu.externaltools.gnu-tools-for-stm32.11.3.rel1.win32_1.1.1.202309131626/tools/bin/../lib/gcc/arm-none-eabi/11.3.1/../../../../arm-none-eabi/lib/thumb/v7e-m+fp/hard\libc_nano.a(libc_a-sbrkr.o)
 .debug_frame   0x0000000000000a88       0x28 D:/STM32CubeIDE_1.13.2/STM32CubeIDE/plugins/com.st.stm32cube.ide.mcu.externaltools.gnu-tools-for-stm32.11.3.rel1.win32_1.1.1.202309131626/tools/bin/../lib/gcc/arm-none-eabi/11.3.1/../../../../arm-none-eabi/lib/thumb/v7e-m+fp/hard\libc_nano.a(libc_a-memcpy-stub.o)
 .debug_frame   0x0000000000000ab0       0x3c D:/STM32CubeIDE_1.13.2/STM32CubeIDE/plugins/com.st.stm32cube.ide.mcu.externaltools.gnu-tools-for-stm32.11.3.rel1.win32_1.1.1.202309131626/tools/bin/../lib/gcc/arm-none-eabi/11.3.1/../../../../arm-none-eabi/lib/thumb/v7e-m+fp/hard\libc_nano.a(libc_a-reallocr.o)
 .debug_frame   0x0000000000000aec       0x20 D:/STM32CubeIDE_1.13.2/STM32CubeIDE/plugins/com.st.stm32cube.ide.mcu.externaltools.gnu-tools-for-stm32.11.3.rel1.win32_1.1.1.202309131626/tools/bin/../lib/gcc/arm-none-eabi/11.3.1/../../../../arm-none-eabi/lib/thumb/v7e-m+fp/hard\libc_nano.a(libc_a-msizer.o)

.debug_line_str
                0x0000000000000000       0x69
 .debug_line_str
                0x0000000000000000       0x69 ./Startup/startup_stm32l475vgtx.o
                                         0x81 (size before relaxing)
